\BOOKMARK [0][-]{section*.2}{\376\377\000D\000\351\000d\000i\000c\000a\000c\000e\000s}{}% 1
\BOOKMARK [0][-]{section*.4}{\376\377\000R\000e\000m\000e\000r\000c\000i\000e\000m\000e\000n\000t\000s}{}% 2
\BOOKMARK [0][-]{section*.5}{\376\377\000T\000a\000b\000l\000e\000\040\000d\000e\000s\000\040\000m\000a\000t\000i\000\350\000r\000e\000s}{}% 3
\BOOKMARK [0][-]{section*.6}{\376\377\000L\000i\000s\000t\000e\000\040\000d\000e\000s\000\040\000f\000i\000g\000u\000r\000e\000s}{}% 4
\BOOKMARK [0][-]{section*.7}{\376\377\000L\000i\000s\000t\000e\000\040\000d\000e\000s\000\040\000t\000a\000b\000l\000e\000a\000u\000x}{}% 5
\BOOKMARK [0][-]{section*.9}{\376\377\000I\000n\000t\000r\000o\000d\000u\000c\000t\000i\000o\000n\000\040\000G\000\351\000n\000\351\000r\000a\000l\000e}{}% 6
\BOOKMARK [0][-]{chapter.1}{\376\377\000C\000o\000n\000t\000e\000x\000t\000e\000\040\000e\000t\000\040\000C\000a\000d\000r\000a\000g\000e\000\040\000S\000t\000r\000a\000t\000\351\000g\000i\000q\000u\000e}{}% 7
\BOOKMARK [1][-]{section.1.1}{\376\377\000I\000m\000m\000e\000r\000s\000i\000o\000n\000\040\000a\000u\000\040\000s\000e\000i\000n\000\040\000d\000e\000\040\000l\040\031\000o\000r\000g\000a\000n\000i\000s\000m\000e\000\040\000d\040\031\000a\000c\000c\000u\000e\000i\000l}{chapter.1}% 8
\BOOKMARK [2][-]{subsection.1.1.1}{\376\377\000V\000i\000s\000i\000o\000n\000\040\000e\000t\000\040\000S\000t\000r\000a\000t\000\351\000g\000i\000e\000\040\000d\000e\000\040\000l\000'\000e\000n\000t\000r\000e\000p\000r\000i\000s\000e\000\040\000:\000\040\000L\000'\000E\000s\000p\000r\000i\000t\000\040\000B\000E\000S\0002\000I}{section.1.1}% 9
\BOOKMARK [2][-]{subsection.1.1.2}{\376\377\000\311\000c\000o\000s\000y\000s\000t\000\350\000m\000e\000\040\000d\000e\000\040\000c\000o\000m\000p\000\351\000t\000e\000n\000c\000e\000s}{section.1.1}% 10
\BOOKMARK [2][-]{subsection.1.1.3}{\376\377\000R\000a\000y\000o\000n\000n\000e\000m\000e\000n\000t\000\040\000e\000t\000\040\000e\000n\000j\000e\000u\000x\000\040\000c\000o\000n\000c\000u\000r\000r\000e\000n\000t\000i\000e\000l\000s}{section.1.1}% 11
\BOOKMARK [1][-]{section.1.2}{\376\377\000G\000e\000n\000\350\000s\000e\000\040\000e\000t\000\040\000E\000n\000j\000e\000u\000x\000\040\000d\000u\000\040\000P\000r\000o\000j\000e\000t}{chapter.1}% 12
\BOOKMARK [2][-]{subsection.1.2.1}{\376\377\000C\000o\000n\000t\000e\000x\000t\000e\000\040\000d\000u\000\040\000P\000r\000o\000j\000e\000t\000\040\000E\000d\000u\000G\000e\000n\000i\000u\000s}{section.1.2}% 13
\BOOKMARK [2][-]{subsection.1.2.2}{\376\377\000D\000i\000a\000g\000n\000o\000s\000t\000i\000c\000\040\000d\000e\000\040\000l\000a\000\040\000P\000r\000o\000b\000l\000\351\000m\000a\000t\000i\000q\000u\000e}{section.1.2}% 14
\BOOKMARK [2][-]{subsection.1.2.3}{\376\377\000V\000i\000s\000i\000o\000n\000\040\000C\000i\000b\000l\000e\000\040\000e\000t\000\040\000O\000b\000j\000e\000c\000t\000i\000f\000s\000\040\000S\000M\000A\000R\000T}{section.1.2}% 15
\BOOKMARK [1][-]{section.1.3}{\376\377\000\311\000t\000a\000t\000\040\000d\000e\000\040\000l\040\031\000A\000r\000t\000\040\000e\000t\000\040\000A\000n\000a\000l\000y\000s\000e\000\040\000C\000r\000i\000t\000i\000q\000u\000e}{chapter.1}% 16
\BOOKMARK [2][-]{subsection.1.3.1}{\376\377\000\311\000t\000u\000d\000e\000\040\000d\000e\000\040\000l\040\031\000e\000x\000i\000s\000t\000a\000n\000t}{section.1.3}% 17
\BOOKMARK [2][-]{subsection.1.3.2}{\376\377\000B\000e\000n\000c\000h\000m\000a\000r\000k\000\040\000d\000e\000s\000\040\000s\000o\000l\000u\000t\000i\000o\000n\000s\000\040\000d\000u\000\040\000m\000a\000r\000c\000h\000\351}{section.1.3}% 18
\BOOKMARK [2][-]{subsection.1.3.3}{\376\377\000I\000d\000e\000n\000t\000i\000f\000i\000c\000a\000t\000i\000o\000n\000\040\000d\000u\000\040\000G\000a\000p\000\040\000T\000e\000c\000h\000n\000o\000l\000o\000g\000i\000q\000u\000e}{section.1.3}% 19
\BOOKMARK [2][-]{subsection.1.3.4}{\376\377\000S\000y\000n\000t\000h\000\350\000s\000e\000\040\000e\000t\000\040\000P\000r\000o\000p\000o\000s\000i\000t\000i\000o\000n\000\040\000d\000e\000\040\000V\000a\000l\000e\000u\000r}{section.1.3}% 20
\BOOKMARK [1][-]{section.1.4}{\376\377\000I\000n\000g\000\351\000n\000i\000e\000r\000i\000e\000\040\000d\000u\000\040\000P\000\351\000r\000i\000m\000\350\000t\000r\000e\000\040\000e\000t\000\040\000A\000c\000t\000e\000u\000r\000s}{chapter.1}% 21
\BOOKMARK [2][-]{subsection.1.4.1}{\376\377\000C\000a\000r\000t\000o\000g\000r\000a\000p\000h\000i\000e\000\040\000F\000o\000n\000c\000t\000i\000o\000n\000n\000e\000l\000l\000e\000\040\000\050\000T\000h\000e\000\040\0006\000\040\000P\000i\000l\000l\000a\000r\000s\000\051}{section.1.4}% 22
\BOOKMARK [2][-]{subsection.1.4.2}{\376\377\000G\000o\000u\000v\000e\000r\000n\000a\000n\000c\000e\000\040\000d\000u\000\040\000P\000r\000o\000j\000e\000t}{section.1.4}% 23
\BOOKMARK [1][-]{section.1.5}{\376\377\000C\000a\000d\000r\000e\000\040\000M\000\351\000t\000h\000o\000d\000o\000l\000o\000g\000i\000q\000u\000e\000\040\000e\000t\000\040\000\311\000c\000o\000s\000y\000s\000t\000\350\000m\000e\000\040\000T\000e\000c\000h\000n\000i\000q\000u\000e}{chapter.1}% 24
\BOOKMARK [2][-]{subsection.1.5.1}{\376\377\000C\000h\000o\000i\000x\000\040\000d\000e\000\040\000l\000a\000\040\000d\000\351\000m\000a\000r\000c\000h\000e\000\040\000A\000g\000i\000l\000e\000\040\000\050\000S\000c\000r\000u\000m\000\051}{section.1.5}% 25
\BOOKMARK [2][-]{subsection.1.5.2}{\376\377\000P\000a\000r\000a\000d\000i\000g\000m\000e\000\040\000d\000e\000\040\000M\000o\000d\000\351\000l\000i\000s\000a\000t\000i\000o\000n\000\040\000\050\000U\000M\000L\000\040\0002\000.\0005\000\040\000\046\000\040\000U\000s\000e\000r\000\040\000S\000t\000o\000r\000i\000e\000s\000\051}{section.1.5}% 26
\BOOKMARK [2][-]{subsection.1.5.3}{\376\377\000\311\000c\000o\000s\000y\000s\000t\000\350\000m\000e\000\040\000d\000'\000O\000u\000t\000i\000l\000s\000\040\000e\000t\000\040\000d\000e\000\040\000C\000o\000l\000l\000a\000b\000o\000r\000a\000t\000i\000o\000n}{section.1.5}% 27
\BOOKMARK [0][-]{chapter.2}{\376\377\000P\000r\000\351\000p\000a\000r\000a\000t\000i\000o\000n\000\040\000d\000u\000\040\000p\000r\000o\000j\000e\000t\000\040\000:\000\040\000I\000n\000g\000\351\000n\000i\000e\000r\000i\000e\000\040\000e\000t\000\040\000A\000r\000c\000h\000i\000t\000e\000c\000t\000u\000r\000e}{}% 28
\BOOKMARK [1][-]{section.2.1}{\376\377\000A\000n\000a\000l\000y\000s\000e\000\040\000D\000i\000m\000e\000n\000s\000i\000o\000n\000n\000e\000l\000l\000e\000\040\000d\000e\000s\000\040\000B\000e\000s\000o\000i\000n\000s}{chapter.2}% 29
\BOOKMARK [2][-]{subsection.2.1.1}{\376\377\000\311\000c\000o\000s\000y\000s\000t\000\350\000m\000e\000\040\000d\000e\000s\000\040\000A\000c\000t\000e\000u\000r\000s\000\040\000e\000t\000\040\000M\000a\000t\000r\000i\000c\000e\000\040\000d\000'\000A\000c\000c\000\350\000s}{section.2.1}% 30
\BOOKMARK [2][-]{subsection.2.1.2}{\376\377\000S\000p\000\351\000c\000i\000f\000i\000c\000a\000t\000i\000o\000n\000s\000\040\000d\000e\000s\000\040\000B\000e\000s\000o\000i\000n\000s\000\040\000F\000o\000n\000c\000t\000i\000o\000n\000n\000e\000l\000s}{section.2.1}% 31
\BOOKMARK [2][-]{subsection.2.1.3}{\376\377\000A\000t\000t\000r\000i\000b\000u\000t\000s\000\040\000Q\000u\000a\000l\000i\000t\000a\000t\000i\000f\000s\000\040\000e\000t\000\040\000C\000o\000n\000t\000r\000a\000i\000n\000t\000e\000s\000\040\000d\000e\000\040\000D\000e\000s\000i\000g\000n}{section.2.1}% 32
\BOOKMARK [2][-]{subsection.2.1.4}{\376\377\000M\000o\000d\000\351\000l\000i\000s\000a\000t\000i\000o\000n\000\040\000d\000e\000s\000\040\000b\000e\000s\000o\000i\000n\000s}{section.2.1}% 33
\BOOKMARK [1][-]{section.2.2}{\376\377\000P\000i\000l\000o\000t\000a\000g\000e\000\040\000d\000u\000\040\000P\000r\000o\000j\000e\000t\000\040\000v\000i\000a\000\040\000l\000a\000\040\000M\000\351\000t\000h\000o\000d\000o\000l\000o\000g\000i\000e\000\040\000S\000c\000r\000u\000m}{chapter.2}% 34
\BOOKMARK [2][-]{subsection.2.2.1}{\376\377\000O\000r\000g\000a\000n\000i\000s\000a\000t\000i\000o\000n\000\040\000e\000t\000\040\000R\000\364\000l\000e\000s\000\040\000S\000c\000r\000u\000m}{section.2.2}% 35
\BOOKMARK [2][-]{subsection.2.2.2}{\376\377\000G\000e\000s\000t\000i\000o\000n\000\040\000d\000u\000\040\000P\000r\000o\000d\000u\000c\000t\000\040\000B\000a\000c\000k\000l\000o\000g}{section.2.2}% 36
\BOOKMARK [2][-]{subsection.2.2.3}{\376\377\000C\000h\000r\000o\000n\000o\000g\000r\000a\000m\000m\000e\000\040\000d\000e\000\040\000R\000\351\000a\000l\000i\000s\000a\000t\000i\000o\000n\000\040\000\050\000D\000i\000a\000g\000r\000a\000m\000m\000e\000\040\000d\000e\000\040\000G\000a\000n\000t\000t\000\051}{section.2.2}% 37
\BOOKMARK [1][-]{section.2.3}{\376\377\000M\000o\000d\000\351\000l\000i\000s\000a\000t\000i\000o\000n\000\040\000S\000\351\000m\000a\000n\000t\000i\000q\000u\000e\000\040\000e\000t\000\040\000C\000o\000m\000p\000o\000r\000t\000e\000m\000e\000n\000t\000a\000l\000e}{chapter.2}% 38
\BOOKMARK [2][-]{subsection.2.3.1}{\376\377\000D\000i\000a\000g\000r\000a\000m\000m\000e\000\040\000d\000e\000\040\000C\000a\000s\000\040\000d\000'\000U\000t\000i\000l\000i\000s\000a\000t\000i\000o\000n\000\040\000G\000l\000o\000b\000a\000l}{section.2.3}% 39
\BOOKMARK [2][-]{subsection.2.3.2}{\376\377\000L\000o\000g\000i\000q\000u\000e\000\040\000d\000e\000\040\000F\000l\000u\000x\000\040\000:\000\040\000D\000i\000a\000g\000r\000a\000m\000m\000e\000\040\000d\000e\000\040\000S\000\351\000q\000u\000e\000n\000c\000e\000\040\000\050\000F\000o\000c\000u\000s\000\040\000I\000A\000\051}{section.2.3}% 40
\BOOKMARK [1][-]{section.2.4}{\376\377\000\311\000c\000o\000s\000y\000s\000t\000\350\000m\000e\000\040\000d\000e\000\040\000D\000\351\000v\000e\000l\000o\000p\000p\000e\000m\000e\000n\000t\000\040\000e\000t\000\040\000S\000t\000a\000c\000k\000\040\000T\000e\000c\000h\000n\000o\000l\000o\000g\000i\000q\000u\000e}{chapter.2}% 41
\BOOKMARK [2][-]{subsection.2.4.1}{\376\377\000E\000n\000v\000i\000r\000o\000n\000n\000e\000m\000e\000n\000t\000\040\000d\000e\000\040\000C\000o\000l\000l\000a\000b\000o\000r\000a\000t\000i\000o\000n}{section.2.4}% 42
\BOOKMARK [2][-]{subsection.2.4.2}{\376\377\000S\000t\000a\000c\000k\000\040\000T\000e\000c\000h\000n\000o\000l\000o\000g\000i\000q\000u\000e\000\040\000:\000\040\000L\000e\000\040\000c\000h\000o\000i\000x\000\040\000d\000e\000\040\000l\000a\000\040\000P\000e\000r\000f\000o\000r\000m\000a\000n\000c\000e}{section.2.4}% 43
\BOOKMARK [1][-]{section.2.5}{\376\377\000A\000r\000c\000h\000i\000t\000e\000c\000t\000u\000r\000e\000\040\000L\000o\000g\000i\000c\000i\000e\000l\000l\000e\000\040\000e\000t\000\040\000T\000o\000p\000o\000l\000o\000g\000i\000e\000\040\000S\000y\000s\000t\000\350\000m\000e}{chapter.2}% 44
\BOOKMARK [2][-]{subsection.2.5.1}{\376\377\000A\000r\000c\000h\000i\000t\000e\000c\000t\000u\000r\000e\000\040\000P\000h\000y\000s\000i\000q\000u\000e\000\040\000\050\000D\000\351\000p\000l\000o\000i\000e\000m\000e\000n\000t\000\051}{section.2.5}% 45
\BOOKMARK [2][-]{subsection.2.5.2}{\376\377\000A\000r\000c\000h\000i\000t\000e\000c\000t\000u\000r\000e\000\040\000A\000p\000p\000l\000i\000c\000a\000t\000i\000v\000e\000\040\000:\000\040\000M\000o\000d\000\350\000l\000e\000\040\000M\000u\000l\000t\000i\000-\000t\000i\000e\000r\000s}{section.2.5}% 46
\BOOKMARK [2][-]{subsection.2.5.3}{\376\377\000C\000o\000n\000c\000e\000p\000t\000i\000o\000n\000\040\000d\000e\000\040\000l\000a\000\040\000C\000o\000u\000c\000h\000e\000\040\000d\000e\000\040\000D\000o\000n\000n\000\351\000e\000s\000\040\000\050\000M\000o\000d\000\351\000l\000i\000s\000a\000t\000i\000o\000n\000\040\000M\000o\000n\000g\000o\000D\000B\000\051}{section.2.5}% 47
\BOOKMARK [0][-]{chapter.3}{\376\377\000S\000p\000r\000i\000n\000t\000\040\0001\000\040\000:\000\040\000A\000u\000t\000h\000e\000n\000t\000i\000f\000i\000c\000a\000t\000i\000o\000n\000\040\000e\000t\000\040\000S\000\351\000c\000u\000r\000i\000t\000\351}{}% 48
\BOOKMARK [1][-]{section.3.1}{\376\377\000I\000n\000t\000r\000o\000d\000u\000c\000t\000i\000o\000n}{chapter.3}% 49
\BOOKMARK [1][-]{section.3.2}{\376\377\000B\000a\000c\000k\000l\000o\000g\000\040\000d\000u\000\040\000S\000p\000r\000i\000n\000t\000\040\0001}{chapter.3}% 50
\BOOKMARK [1][-]{section.3.3}{\376\377\000A\000n\000a\000l\000y\000s\000e}{chapter.3}% 51
\BOOKMARK [2][-]{subsection.3.3.1}{\376\377\000D\000i\000a\000g\000r\000a\000m\000m\000e\000\040\000d\000e\000\040\000c\000a\000s\000\040\000d\000'\000u\000t\000i\000l\000i\000s\000a\000t\000i\000o\000n}{section.3.3}% 52
\BOOKMARK [2][-]{subsection.3.3.2}{\376\377\000D\000e\000s\000c\000r\000i\000p\000t\000i\000o\000n\000\040\000t\000e\000x\000t\000u\000e\000l\000l\000e\000\040\000d\000e\000s\000\040\000c\000a\000s\000\040\000d\000'\000u\000t\000i\000l\000i\000s\000a\000t\000i\000o\000n}{section.3.3}% 53
\BOOKMARK [1][-]{section.3.4}{\376\377\000C\000o\000n\000c\000e\000p\000t\000i\000o\000n}{chapter.3}% 54
\BOOKMARK [2][-]{subsection.3.4.1}{\376\377\000D\000i\000a\000g\000r\000a\000m\000m\000e\000\040\000d\000e\000\040\000s\000\351\000q\000u\000e\000n\000c\000e}{section.3.4}% 55
\BOOKMARK [2][-]{subsection.3.4.2}{\376\377\000D\000i\000a\000g\000r\000a\000m\000m\000e\000\040\000d\000e\000\040\000c\000l\000a\000s\000s\000e\000s}{section.3.4}% 56
\BOOKMARK [2][-]{subsection.3.4.3}{\376\377\000R\000e\000p\000r\000\351\000s\000e\000n\000t\000a\000t\000i\000o\000n\000\040\000g\000r\000a\000p\000h\000i\000q\000u\000e\000\040\000d\000e\000\040\000l\000a\000\040\000b\000a\000s\000e\000\040\000d\000e\000\040\000d\000o\000n\000n\000\351\000e\000s}{section.3.4}% 57
\BOOKMARK [1][-]{section.3.5}{\376\377\000R\000\351\000a\000l\000i\000s\000a\000t\000i\000o\000n}{chapter.3}% 58
\BOOKMARK [2][-]{subsection.3.5.1}{\376\377\000I\000n\000t\000e\000r\000f\000a\000c\000e\000\040\000d\000e\000\040\000C\000o\000n\000n\000e\000x\000i\000o\000n}{section.3.5}% 59
\BOOKMARK [2][-]{subsection.3.5.2}{\376\377\000I\000m\000p\000l\000\351\000m\000e\000n\000t\000a\000t\000i\000o\000n\000\040\000d\000u\000\040\000m\000i\000d\000d\000l\000e\000w\000a\000r\000e\000\040\000J\000W\000T}{section.3.5}% 60
\BOOKMARK [1][-]{section.3.6}{\376\377\000T\000e\000s\000t\000s}{chapter.3}% 61
\BOOKMARK [2][-]{subsection.3.6.1}{\376\377\000T\000e\000s\000t\000s\000\040\000u\000n\000i\000t\000a\000i\000r\000e\000s}{section.3.6}% 62
\BOOKMARK [2][-]{subsection.3.6.2}{\376\377\000T\000e\000s\000t\000s\000\040\000d\000'\000i\000n\000t\000\351\000g\000r\000a\000t\000i\000o\000n}{section.3.6}% 63
\BOOKMARK [2][-]{subsection.3.6.3}{\376\377\000T\000e\000s\000t\000s\000\040\000f\000o\000n\000c\000t\000i\000o\000n\000n\000e\000l\000s}{section.3.6}% 64
\BOOKMARK [1][-]{section.3.7}{\376\377\000C\000o\000n\000c\000l\000u\000s\000i\000o\000n}{chapter.3}% 65
\BOOKMARK [0][-]{chapter.4}{\376\377\000S\000p\000r\000i\000n\000t\000\040\0002\000\040\000:\000\040\000G\000e\000s\000t\000i\000o\000n\000\040\000d\000e\000s\000\040\000P\000r\000o\000j\000e\000t\000s\000,\000\040\000M\000e\000m\000b\000r\000e\000s\000\040\000e\000t\000\040\000S\000o\000u\000r\000c\000e\000s\000\040\000d\000e\000\040\000D\000o\000n\000n\000\351\000e\000s}{}% 66
\BOOKMARK [1][-]{section.4.1}{\376\377\000I\000n\000t\000r\000o\000d\000u\000c\000t\000i\000o\000n}{chapter.4}% 67
\BOOKMARK [1][-]{section.4.2}{\376\377\000B\000a\000c\000k\000l\000o\000g\000\040\000d\000u\000\040\000S\000p\000r\000i\000n\000t\000\040\0002}{chapter.4}% 68
\BOOKMARK [1][-]{section.4.3}{\376\377\000A\000n\000a\000l\000y\000s\000e}{chapter.4}% 69
\BOOKMARK [2][-]{subsection.4.3.1}{\376\377\000D\000i\000a\000g\000r\000a\000m\000m\000e\000\040\000d\000e\000\040\000c\000a\000s\000\040\000d\000'\000u\000t\000i\000l\000i\000s\000a\000t\000i\000o\000n}{section.4.3}% 70
\BOOKMARK [2][-]{subsection.4.3.2}{\376\377\000D\000e\000s\000c\000r\000i\000p\000t\000i\000o\000n\000\040\000t\000e\000x\000t\000u\000e\000l\000l\000e\000\040\000d\000e\000s\000\040\000c\000a\000s\000\040\000d\000'\000u\000t\000i\000l\000i\000s\000a\000t\000i\000o\000n}{section.4.3}% 71
\BOOKMARK [1][-]{section.4.4}{\376\377\000C\000o\000n\000c\000e\000p\000t\000i\000o\000n}{chapter.4}% 72
\BOOKMARK [2][-]{subsection.4.4.1}{\376\377\000D\000i\000a\000g\000r\000a\000m\000m\000e\000s\000\040\000d\000e\000\040\000s\000\351\000q\000u\000e\000n\000c\000e}{section.4.4}% 73
\BOOKMARK [2][-]{subsection.4.4.2}{\376\377\000D\000i\000a\000g\000r\000a\000m\000m\000e\000\040\000d\000e\000\040\000c\000l\000a\000s\000s\000e\000s}{section.4.4}% 74
\BOOKMARK [2][-]{subsection.4.4.3}{\376\377\000R\000e\000p\000r\000\351\000s\000e\000n\000t\000a\000t\000i\000o\000n\000\040\000g\000r\000a\000p\000h\000i\000q\000u\000e\000\040\000d\000e\000\040\000l\000a\000\040\000b\000a\000s\000e\000\040\000d\000e\000\040\000d\000o\000n\000n\000\351\000e\000s}{section.4.4}% 75
\BOOKMARK [1][-]{section.4.5}{\376\377\000R\000\351\000a\000l\000i\000s\000a\000t\000i\000o\000n}{chapter.4}% 76
\BOOKMARK [2][-]{subsection.4.5.1}{\376\377\000I\000n\000t\000e\000r\000f\000a\000c\000e\000\040\000d\000e\000\040\000G\000e\000s\000t\000i\000o\000n\000\040\000d\000e\000s\000\040\000C\000l\000a\000s\000s\000e\000s}{section.4.5}% 77
\BOOKMARK [2][-]{subsection.4.5.2}{\376\377\000M\000o\000d\000u\000l\000e\000\040\000d\000'\000A\000s\000s\000i\000g\000n\000a\000t\000i\000o\000n\000\040\000d\000e\000s\000\040\000E\000n\000s\000e\000i\000g\000n\000a\000n\000t\000s}{section.4.5}% 78
\BOOKMARK [1][-]{section.4.6}{\376\377\000T\000e\000s\000t\000s}{chapter.4}% 79
\BOOKMARK [2][-]{subsection.4.6.1}{\376\377\000T\000e\000s\000t\000s\000\040\000u\000n\000i\000t\000a\000i\000r\000e\000s}{section.4.6}% 80
\BOOKMARK [2][-]{subsection.4.6.2}{\376\377\000T\000e\000s\000t\000s\000\040\000d\000'\000i\000n\000t\000\351\000g\000r\000a\000t\000i\000o\000n}{section.4.6}% 81
\BOOKMARK [2][-]{subsection.4.6.3}{\376\377\000T\000e\000s\000t\000s\000\040\000f\000o\000n\000c\000t\000i\000o\000n\000n\000e\000l\000s}{section.4.6}% 82
\BOOKMARK [1][-]{section.4.7}{\376\377\000C\000o\000n\000c\000l\000u\000s\000i\000o\000n}{chapter.4}% 83
\BOOKMARK [0][-]{chapter.5}{\376\377\000S\000p\000r\000i\000n\000t\000\040\0003\000\040\000:\000\040\000G\000e\000s\000t\000i\000o\000n\000\040\000d\000e\000s\000\040\000M\000i\000c\000r\000o\000s\000e\000r\000v\000i\000c\000e\000s}{}% 84
\BOOKMARK [1][-]{section.5.1}{\376\377\000I\000n\000t\000r\000o\000d\000u\000c\000t\000i\000o\000n}{chapter.5}% 85
\BOOKMARK [1][-]{section.5.2}{\376\377\000B\000a\000c\000k\000l\000o\000g\000\040\000d\000u\000\040\000S\000p\000r\000i\000n\000t\000\040\0003}{chapter.5}% 86
\BOOKMARK [1][-]{section.5.3}{\376\377\000A\000n\000a\000l\000y\000s\000e}{chapter.5}% 87
\BOOKMARK [2][-]{subsection.5.3.1}{\376\377\000D\000i\000a\000g\000r\000a\000m\000m\000e\000\040\000d\000e\000\040\000c\000a\000s\000\040\000d\000'\000u\000t\000i\000l\000i\000s\000a\000t\000i\000o\000n}{section.5.3}% 88
\BOOKMARK [2][-]{subsection.5.3.2}{\376\377\000D\000e\000s\000c\000r\000i\000p\000t\000i\000o\000n\000\040\000t\000e\000x\000t\000u\000e\000l\000l\000e\000\040\000d\000e\000s\000\040\000c\000a\000s\000\040\000d\000'\000u\000t\000i\000l\000i\000s\000a\000t\000i\000o\000n}{section.5.3}% 89
\BOOKMARK [1][-]{section.5.4}{\376\377\000C\000o\000n\000c\000e\000p\000t\000i\000o\000n}{chapter.5}% 90
\BOOKMARK [2][-]{subsection.5.4.1}{\376\377\000D\000i\000a\000g\000r\000a\000m\000m\000e\000s\000\040\000d\000e\000\040\000s\000\351\000q\000u\000e\000n\000c\000e}{section.5.4}% 91
\BOOKMARK [2][-]{subsection.5.4.2}{\376\377\000D\000i\000a\000g\000r\000a\000m\000m\000e\000\040\000d\000e\000\040\000c\000l\000a\000s\000s\000e\000s}{section.5.4}% 92
\BOOKMARK [2][-]{subsection.5.4.3}{\376\377\000R\000e\000p\000r\000\351\000s\000e\000n\000t\000a\000t\000i\000o\000n\000\040\000g\000r\000a\000p\000h\000i\000q\000u\000e\000\040\000d\000e\000\040\000l\000a\000\040\000b\000a\000s\000e\000\040\000d\000e\000\040\000d\000o\000n\000n\000\351\000e\000s}{section.5.4}% 93
\BOOKMARK [1][-]{section.5.5}{\376\377\000R\000\351\000a\000l\000i\000s\000a\000t\000i\000o\000n}{chapter.5}% 94
\BOOKMARK [2][-]{subsection.5.5.1}{\376\377\000I\000n\000t\000e\000r\000f\000a\000c\000e\000\040\000d\000'\000U\000p\000l\000o\000a\000d\000\040\000v\000e\000r\000s\000\040\000A\000W\000S\000\040\000S\0003}{section.5.5}% 95
\BOOKMARK [2][-]{subsection.5.5.2}{\376\377\000M\000o\000d\000u\000l\000e\000\040\000d\000e\000\040\000C\000o\000m\000m\000u\000n\000i\000c\000a\000t\000i\000o\000n\000\040\000T\000e\000m\000p\000s\000\040\000R\000\351\000e\000l}{section.5.5}% 96
\BOOKMARK [1][-]{section.5.6}{\376\377\000T\000e\000s\000t\000s}{chapter.5}% 97
\BOOKMARK [2][-]{subsection.5.6.1}{\376\377\000T\000e\000s\000t\000s\000\040\000u\000n\000i\000t\000a\000i\000r\000e\000s}{section.5.6}% 98
\BOOKMARK [2][-]{subsection.5.6.2}{\376\377\000T\000e\000s\000t\000s\000\040\000d\000'\000i\000n\000t\000\351\000g\000r\000a\000t\000i\000o\000n}{section.5.6}% 99
\BOOKMARK [2][-]{subsection.5.6.3}{\376\377\000T\000e\000s\000t\000s\000\040\000f\000o\000n\000c\000t\000i\000o\000n\000n\000e\000l\000s}{section.5.6}% 100
\BOOKMARK [1][-]{section.5.7}{\376\377\000C\000o\000n\000c\000l\000u\000s\000i\000o\000n}{chapter.5}% 101
\BOOKMARK [0][-]{chapter.6}{\376\377\000S\000p\000r\000i\000n\000t\000\040\0004\000\040\000:\000\040\000G\000e\000s\000t\000i\000o\000n\000\040\000d\000e\000s\000\040\000E\000n\000d\000p\000o\000i\000n\000t\000s\000\040\000e\000t\000\040\000d\000e\000s\000\040\000M\000o\000d\000\350\000l\000e\000s}{}% 102
\BOOKMARK [1][-]{section.6.1}{\376\377\000I\000n\000t\000r\000o\000d\000u\000c\000t\000i\000o\000n}{chapter.6}% 103
\BOOKMARK [1][-]{section.6.2}{\376\377\000B\000a\000c\000k\000l\000o\000g\000\040\000d\000u\000\040\000S\000p\000r\000i\000n\000t\000\040\0004}{chapter.6}% 104
\BOOKMARK [1][-]{section.6.3}{\376\377\000A\000n\000a\000l\000y\000s\000e}{chapter.6}% 105
\BOOKMARK [2][-]{subsection.6.3.1}{\376\377\000D\000i\000a\000g\000r\000a\000m\000m\000e\000\040\000d\000e\000\040\000c\000a\000s\000\040\000d\000'\000u\000t\000i\000l\000i\000s\000a\000t\000i\000o\000n}{section.6.3}% 106
\BOOKMARK [2][-]{subsection.6.3.2}{\376\377\000D\000e\000s\000c\000r\000i\000p\000t\000i\000o\000n\000\040\000t\000e\000x\000t\000u\000e\000l\000l\000e\000\040\000d\000e\000s\000\040\000c\000a\000s\000\040\000d\000'\000u\000t\000i\000l\000i\000s\000a\000t\000i\000o\000n}{section.6.3}% 107
\BOOKMARK [1][-]{section.6.4}{\376\377\000C\000o\000n\000c\000e\000p\000t\000i\000o\000n}{chapter.6}% 108
\BOOKMARK [2][-]{subsection.6.4.1}{\376\377\000D\000i\000a\000g\000r\000a\000m\000m\000e\000s\000\040\000d\000e\000\040\000s\000\351\000q\000u\000e\000n\000c\000e}{section.6.4}% 109
\BOOKMARK [2][-]{subsection.6.4.2}{\376\377\000D\000i\000a\000g\000r\000a\000m\000m\000e\000\040\000d\000e\000\040\000c\000l\000a\000s\000s\000e\000s}{section.6.4}% 110
\BOOKMARK [2][-]{subsection.6.4.3}{\376\377\000R\000e\000p\000r\000\351\000s\000e\000n\000t\000a\000t\000i\000o\000n\000\040\000g\000r\000a\000p\000h\000i\000q\000u\000e\000\040\000d\000e\000\040\000l\000a\000\040\000b\000a\000s\000e\000\040\000d\000e\000\040\000d\000o\000n\000n\000\351\000e\000s}{section.6.4}% 111
\BOOKMARK [1][-]{section.6.5}{\376\377\000R\000\351\000a\000l\000i\000s\000a\000t\000i\000o\000n}{chapter.6}% 112
\BOOKMARK [2][-]{subsection.6.5.1}{\376\377\000I\000n\000t\000e\000r\000f\000a\000c\000e\000\040\000d\000e\000\040\000C\000r\000\351\000a\000t\000i\000o\000n\000\040\000d\000e\000\040\000Q\000u\000i\000z}{section.6.5}% 113
\BOOKMARK [2][-]{subsection.6.5.2}{\376\377\000I\000m\000p\000l\000\351\000m\000e\000n\000t\000a\000t\000i\000o\000n\000\040\000d\000e\000s\000\040\000C\000o\000n\000t\000r\000\364\000l\000e\000u\000r\000s\000\040\000R\000E\000S\000T}{section.6.5}% 114
\BOOKMARK [1][-]{section.6.6}{\376\377\000T\000e\000s\000t\000s}{chapter.6}% 115
\BOOKMARK [2][-]{subsection.6.6.1}{\376\377\000T\000e\000s\000t\000s\000\040\000u\000n\000i\000t\000a\000i\000r\000e\000s}{section.6.6}% 116
\BOOKMARK [2][-]{subsection.6.6.2}{\376\377\000T\000e\000s\000t\000s\000\040\000d\000'\000i\000n\000t\000\351\000g\000r\000a\000t\000i\000o\000n}{section.6.6}% 117
\BOOKMARK [2][-]{subsection.6.6.3}{\376\377\000T\000e\000s\000t\000s\000\040\000f\000o\000n\000c\000t\000i\000o\000n\000n\000e\000l\000s}{section.6.6}% 118
\BOOKMARK [1][-]{section.6.7}{\376\377\000C\000o\000n\000c\000l\000u\000s\000i\000o\000n}{chapter.6}% 119
\BOOKMARK [0][-]{chapter.7}{\376\377\000S\000p\000r\000i\000n\000t\000\040\0005\000\040\000:\000\040\000T\000a\000b\000l\000e\000a\000u\000\040\000d\000e\000\040\000b\000o\000r\000d\000\040\000e\000t\000\040\000I\000A}{}% 120
\BOOKMARK [1][-]{section.7.1}{\376\377\000I\000n\000t\000r\000o\000d\000u\000c\000t\000i\000o\000n}{chapter.7}% 121
\BOOKMARK [1][-]{section.7.2}{\376\377\000B\000a\000c\000k\000l\000o\000g\000\040\000d\000u\000\040\000S\000p\000r\000i\000n\000t\000\040\0005}{chapter.7}% 122
\BOOKMARK [1][-]{section.7.3}{\376\377\000A\000n\000a\000l\000y\000s\000e}{chapter.7}% 123
\BOOKMARK [2][-]{subsection.7.3.1}{\376\377\000D\000i\000a\000g\000r\000a\000m\000m\000e\000\040\000d\000e\000\040\000c\000a\000s\000\040\000d\000'\000u\000t\000i\000l\000i\000s\000a\000t\000i\000o\000n}{section.7.3}% 124
\BOOKMARK [2][-]{subsection.7.3.2}{\376\377\000D\000e\000s\000c\000r\000i\000p\000t\000i\000o\000n\000\040\000t\000e\000x\000t\000u\000e\000l\000l\000e\000\040\000d\000e\000s\000\040\000c\000a\000s\000\040\000d\000'\000u\000t\000i\000l\000i\000s\000a\000t\000i\000o\000n}{section.7.3}% 125
\BOOKMARK [1][-]{section.7.4}{\376\377\000C\000o\000n\000c\000e\000p\000t\000i\000o\000n}{chapter.7}% 126
\BOOKMARK [2][-]{subsection.7.4.1}{\376\377\000D\000i\000a\000g\000r\000a\000m\000m\000e\000s\000\040\000d\000e\000\040\000s\000\351\000q\000u\000e\000n\000c\000e}{section.7.4}% 127
\BOOKMARK [2][-]{subsection.7.4.2}{\376\377\000D\000i\000a\000g\000r\000a\000m\000m\000e\000\040\000d\000e\000\040\000c\000l\000a\000s\000s\000e\000s}{section.7.4}% 128
\BOOKMARK [2][-]{subsection.7.4.3}{\376\377\000R\000e\000p\000r\000\351\000s\000e\000n\000t\000a\000t\000i\000o\000n\000\040\000g\000r\000a\000p\000h\000i\000q\000u\000e\000\040\000d\000e\000\040\000l\000a\000\040\000b\000a\000s\000e\000\040\000d\000e\000\040\000d\000o\000n\000n\000\351\000e\000s}{section.7.4}% 129
\BOOKMARK [1][-]{section.7.5}{\376\377\000R\000\351\000a\000l\000i\000s\000a\000t\000i\000o\000n}{chapter.7}% 130
\BOOKMARK [2][-]{subsection.7.5.1}{\376\377\000D\000a\000s\000h\000b\000o\000a\000r\000d\000\040\000\311\000t\000u\000d\000i\000a\000n\000t\000\040\000a\000v\000e\000c\000\040\000G\000a\000m\000i\000f\000i\000c\000a\000t\000i\000o\000n}{section.7.5}% 131
\BOOKMARK [2][-]{subsection.7.5.2}{\376\377\000I\000n\000t\000e\000r\000f\000a\000c\000e\000\040\000d\000e\000\040\000V\000i\000s\000i\000o\000c\000o\000n\000f\000\351\000r\000e\000n\000c\000e\000\040\000I\000n\000t\000\351\000g\000r\000\351\000e}{section.7.5}% 132
\BOOKMARK [1][-]{section.7.6}{\376\377\000T\000e\000s\000t\000s}{chapter.7}% 133
\BOOKMARK [2][-]{subsection.7.6.1}{\376\377\000T\000e\000s\000t\000s\000\040\000u\000n\000i\000t\000a\000i\000r\000e\000s}{section.7.6}% 134
\BOOKMARK [2][-]{subsection.7.6.2}{\376\377\000T\000e\000s\000t\000s\000\040\000d\000'\000i\000n\000t\000\351\000g\000r\000a\000t\000i\000o\000n}{section.7.6}% 135
\BOOKMARK [2][-]{subsection.7.6.3}{\376\377\000T\000e\000s\000t\000s\000\040\000f\000o\000n\000c\000t\000i\000o\000n\000n\000e\000l\000s}{section.7.6}% 136
\BOOKMARK [1][-]{section.7.7}{\376\377\000C\000o\000n\000c\000l\000u\000s\000i\000o\000n}{chapter.7}% 137
\BOOKMARK [0][-]{section*.31}{\376\377\000C\000o\000n\000c\000l\000u\000s\000i\000o\000n\000\040\000G\000\351\000n\000\351\000r\000a\000l\000e}{}% 138
\BOOKMARK [0][-]{section*.32}{\376\377\000B\000i\000b\000l\000i\000o\000g\000r\000a\000p\000h\000i\000e}{}% 139
\BOOKMARK [0][-]{chapter*.34}{\376\377\000W\000e\000b\000o\000g\000r\000a\000p\000h\000i\000e}{}% 140
